Siesta Version  : 5.0.0-alpha-123-gfb8fd7d02
Architecture    : ----
Compiler version: GNU-11.4.0
Compiler flags  : -fallow-argument-mismatch;-O3 -march=native
PP flags        : ----
Libraries       : ----
Parallelisations: none
GEMM3M support
NetCDF support
NetCDF-4 support
Lua support

Runtime information:
* Directory : /home/fnpedron/Siesta/siesta-dev/Tests/10.Functionals/work/dftu_soc
* Running in serial mode.
>> Start of run:  28-SEP-2023  15:38:15

                           *********************** 
                           *  WELCOME TO SIESTA  * 
                           *********************** 

reinit: Reading from standard input
reinit: Dumping input in INPUT_TMP.89493
************************** Dump of input data file ****************************
SystemName      (IrO2) Tetragonal structure
SystemLabel	IrO2_dftu_so
NumberOfSpecies 2
NumberOfAtoms	6
%block ChemicalSpeciesLabel
  1 77 Ir_dftu_so
  2 8  O_dftu_so
%endblock ChemicalSpeciesLabel
%block PS.lmax
   Ir_dftu_so    3
    O_dftu_so    3
%endblock PS.lmax
LatticeConstant 1.0 Ang
%block LatticeVectors
   4.506946   0.000000   0.000000
   0.000000   4.506946   0.000000
   0.000000   0.000000   3.158945
%endblock LatticeVectors
AtomicCoordinatesFormat Fractional
%block AtomicCoordinatesAndAtomicSpecies
   0.00000000   0.00000000   0.00  1
   0.50000000   0.50000000   0.50  1
   0.30811525   0.30811525   0.00  2
   0.69188475   0.69188475   0.00  2
   0.19188475   0.80811525   0.50  2
   0.80811525   0.19188475   0.50  2
%endblock AtomicCoordinatesAndAtomicSpecies
%block kgrid_Monkhorst_Pack
   2  0  0   0.5
   0  2  0   0.5
   0  0  1   0.5
%endblock kgrid_Monkhorst_Pack
xc.functional    GGA
xc.authors       PBEsol
MeshCutoff       50 Ry
MaxSCFIterations        300
SCF.Mixer.Weight        0.05
SCF.Mixer.History       10
SCF.Mixer.Kick          30
SCF.Mixer.Kick.Weight   1.0
SCF.MustConverge        .false.
ElectronicTemperature   1 K
%block PAO.Basis
Ir_dftu_so   2
n=6   0   1   E   100.00000     4.00000
     6.00000
     1.00000
n=5   2   1   E   100.00000     3.50000
     4.50000
     1.00000
O_dftu_so    2
n=2   0   1   E   100.00000     4.00000
     6.00000
     1.00000
n=2   1   1   E   100.00000     4.00000
     5.50000
     1.00000
%endblock PAO.Basis
Spin spin-orbit
Spin.OrbitStrength  1.0
%block DM.InitSpin
 1  +3.   0.   0.
 2  -3.   0.   0.
%endblock DM.InitSpin
LDAU.ProjectorGenerationMethod      1
%block LDAU.proj
Ir_dftu_so   1 # number of shells of projectors
n=5 2          # n, l
2.000 0.500    # U(eV), J(eV)
3.000          # rc, \omega (default values)
%endblock LDAU.proj
WriteForces       T
WriteIonPlotFiles T
WriteMullikenPop  1
************************** End of input data file *****************************

reinit: -----------------------------------------------------------------------
reinit: System Name: IrO2) Tetragonal structure
reinit: -----------------------------------------------------------------------
reinit: System Label: IrO2_dftu_so
reinit: -----------------------------------------------------------------------

initatom: Reading input for the pseudopotentials and atomic orbitals ----------
Species number:   1 Atomic number:   77 Label: Ir_dftu_so
Species number:   2 Atomic number:    8 Label: O_dftu_so


---- Processing specs for species: Ir_dftu_so
Ground state valence configuration:   6s02  5d07
Reading pseudopotential information in formatted form from:
  /home/fnpedron/Siesta/siesta-dev/Tests/Pseudos/Ir_dftu_so.psf

---- Processing specs for species: O_dftu_so
Ground state valence configuration:   2s02  2p04
Reading pseudopotential information in formatted form from:
  /home/fnpedron/Siesta/siesta-dev/Tests/Pseudos/O_dftu_so.psf

---- Pseudopotential check for Ir

Pseudopotential generated from a fully relativistic atomic calculation
There are spin-orbit semi-local pseudopotentials available

Pseudized shells:
6s( 2.00) rc: 2.18
6p( 0.00) rc: 2.77
5d( 7.00) rc: 1.29
5f( 0.00) rc: 1.98
Valence configuration for ps generation: (assumed as above)

---- Pseudopotential check for O 

Pseudopotential generated from a fully relativistic atomic calculation
There are spin-orbit semi-local pseudopotentials available

Pseudized shells:
2s( 2.00) rc: 1.48
2p( 4.00) rc: 1.58
3d( 0.00) rc: 1.39
4f( 0.00) rc: 1.14
Valence configuration for ps generation: (assumed as above)
relmxkb: Read Max KB Ang. Momentum=    3 for species Ir_dftu_so
relmxkb: Read Max KB Ang. Momentum=    3 for species O_dftu_so
Warning: No PAOs for l =1. Will have a KB projector anyway...

<basis_specs>
===============================================================================
Ir_dftu_so           Z=  77    Mass=  192.22        Charge= 0.17977+309
Lmxo=2 Lmxkb= 3    BasisType=split      Semic=F
L=0  Nsemic=0  Cnfigmx=6
          i=1  nzeta=1  polorb=0  (6s)
            splnorm:   0.15000    
               vcte:    100.00    
               rinn:    4.0000    
               qcoe:    0.0000    
               qyuk:    0.0000    
               qwid:   0.10000E-01
                rcs:    6.0000    
            lambdas:    1.0000    
L=1  Nsemic=0  Cnfigmx=6
          i=1  nzeta=0  polorb=0  (6p)  (empty shell (??) )
L=2  Nsemic=0  Cnfigmx=5
          i=1  nzeta=1  polorb=0  (5d)
            splnorm:   0.15000    
               vcte:    100.00    
               rinn:    3.5000    
               qcoe:    0.0000    
               qyuk:    0.0000    
               qwid:   0.10000E-01
                rcs:    4.5000    
            lambdas:    1.0000    
-------------------------------------------------------------------------------
L=0  Nkbl=1  erefs: 0.17977+309
L=1  Nkbl=1  erefs: 0.17977+309
L=2  Nkbl=1  erefs: 0.17977+309
L=3  Nkbl=1  erefs: 0.17977+309
-------------------------------------------------------------------------------
L=2  n=5
                  U:   0.14700    
                  J:   0.36749E-01
               rinn:  -0.90000    
               vcte:    40.000    
             lambda:    1.0000    
              width:   0.50000    
                 rc:    3.0000    
            dnrm_rc:   0.90000    
===============================================================================
</basis_specs>

Using PAO.SplitTailNorm
atom: Called for Ir_dftu_so            (Z =  77)
Maximum radius (at nrval) set to   50.00000 8518

read_vps: Pseudopotential generation method:
read_vps: ATM4.2.6  Troullier-Martins                       
Valence charge in pseudo generation:    9.00000

read_vps: Pseudopotential includes a core correction:
read_vps: Pseudo-core for xc-correction

xc_check: Exchange-correlation functional:
xc_check: GGA PBEsol
V l=0 = -2*Zval/r beyond r=  3.1667
V l=1 = -2*Zval/r beyond r=  3.1667
V l=2 = -2*Zval/r beyond r=  3.1667
V l=3 = -2*Zval/r beyond r=  3.1667
All V_l potentials equal beyond r=  2.7406
This should be close to max(r_c) in ps generation
All pots = -2*Zval/r beyond r=  3.1667
Using small-core scheme (local charge) for Vlocal

VLOCAL_FROM_CHLOCAL: 99.0% of the norm of Vloc inside      5.779 Ry
VLOCAL_FROM_CHLOCAL: 99.9% of the norm of Vloc inside     13.171 Ry
atom: Maximum radius for chlocal:    3.28640
atom: Maximum radius for r*vlocal+2*Zval:    3.05433

KBgen: Kleinman-Bylander projectors: 
GHOST: No ghost state for L =  0
   l= 0   rc=  3.312873   el= -0.466533   Ekb=  4.573054   kbcos=  0.285868
GHOST: No ghost state for L =  1
j- l= 1   rc=  3.386786   el= -0.120080   Ekb=  2.647705   kbcos=  0.248506
GHOST: No ghost state for L =  1
j+ l= 1   rc=  3.396992   el= -0.075982   Ekb=  2.319467   kbcos=  0.248828
GHOST: No ghost state for L =  2
j- l= 2   rc=  3.160311   el= -0.585600   Ekb= -4.319802   kbcos= -0.666747
GHOST: No ghost state for L =  2
j+ l= 2   rc=  3.182581   el= -0.495713   Ekb= -3.896220   kbcos= -0.652003
GHOST: No ghost state for L =  3
j- l= 3   rc=  3.571672   el=  0.019221   Ekb= -2.705013   kbcos= -0.015355
GHOST: No ghost state for L =  3
j+ l= 3   rc=  3.571672   el=  0.019221   Ekb= -2.832162   kbcos= -0.014745

KBgen: Total number of Kleinman-Bylander projectors:  31
atom: -------------------------------------------------------------------------

atom: SANKEY-TYPE ORBITALS:

SPLIT: Orbitals with angular momentum L= 0

SPLIT: Basis orbitals for state 6s
Split based on tail norm

   izeta = 1
                 lambda =    1.000000
                     rc =    6.008450
                 energy =   -0.402775
                kinetic =    0.511827
    potential(screened) =   -0.914601
       potential(ionic) =   -7.054920

SPLIT: Orbitals with angular momentum L= 2

SPLIT: Basis orbitals for state 5d
Split based on tail norm

   izeta = 1
                 lambda =    1.000000
                     rc =    4.502403
                 energy =   -0.500457
                kinetic =    4.677804
    potential(screened) =   -5.178261
       potential(ionic) =  -12.756192
atom: Total number of Sankey-type orbitals:  6

atm_pop: Valence configuration (for local Pseudopot. screening):
 6s( 2.00)                                                            
 6p( 0.00)                                                            
 5d( 7.00)                                                            
Vna: chval, zval:    9.00000   9.00000

Vna:  Cut-off radius for the neutral-atom potential:   6.008450
comcore: Pseudo-core radius Rcore=  4.163812

atom: _________________________________________________________________________
Maximum radius (at nrval) set to   50.00000 8518

<basis_specs>
===============================================================================
O_dftu_so            Z=   8    Mass=  15.999        Charge= 0.17977+309
Lmxo=1 Lmxkb= 3    BasisType=split      Semic=F
L=0  Nsemic=0  Cnfigmx=2
          i=1  nzeta=1  polorb=0  (2s)
            splnorm:   0.15000    
               vcte:    100.00    
               rinn:    4.0000    
               qcoe:    0.0000    
               qyuk:    0.0000    
               qwid:   0.10000E-01
                rcs:    6.0000    
            lambdas:    1.0000    
L=1  Nsemic=0  Cnfigmx=2
          i=1  nzeta=1  polorb=0  (2p)
            splnorm:   0.15000    
               vcte:    100.00    
               rinn:    4.0000    
               qcoe:    0.0000    
               qyuk:    0.0000    
               qwid:   0.10000E-01
                rcs:    5.5000    
            lambdas:    1.0000    
-------------------------------------------------------------------------------
L=0  Nkbl=1  erefs: 0.17977+309
L=1  Nkbl=1  erefs: 0.17977+309
L=2  Nkbl=1  erefs: 0.17977+309
L=3  Nkbl=1  erefs: 0.17977+309
===============================================================================
</basis_specs>

Using PAO.SplitTailNorm
atom: Called for O_dftu_so             (Z =   8)
Maximum radius (at nrval) set to   50.00000 8518

read_vps: Pseudopotential generation method:
read_vps: ATM4.2.6  Troullier-Martins                       
Valence charge in pseudo generation:    6.00000

read_vps: Pseudopotential includes a core correction:
read_vps: Pseudo-core for xc-correction

xc_check: Exchange-correlation functional:
xc_check: GGA PBEsol
V l=0 = -2*Zval/r beyond r=  1.5471
V l=1 = -2*Zval/r beyond r=  1.5722
V l=2 = -2*Zval/r beyond r=  1.5471
V l=3 = -2*Zval/r beyond r=  1.5471
All V_l potentials equal beyond r=  1.5706
This should be close to max(r_c) in ps generation
All pots = -2*Zval/r beyond r=  1.5722
Using small-core scheme (local charge) for Vlocal

VLOCAL_FROM_CHLOCAL: 99.0% of the norm of Vloc inside     17.596 Ry
VLOCAL_FROM_CHLOCAL: 99.9% of the norm of Vloc inside     40.102 Ry
atom: Maximum radius for chlocal:    1.88806
atom: Maximum radius for r*vlocal+2*Zval:    1.73513

KBgen: Kleinman-Bylander projectors: 
GHOST: No ghost state for L =  0
   l= 0   rc=  1.795486   el= -1.748577   Ekb=  8.673153   kbcos=  0.104483
GHOST: No ghost state for L =  1
j- l= 1   rc=  1.729904   el= -0.661423   Ekb= -6.853869   kbcos= -0.530829
GHOST: No ghost state for L =  1
j+ l= 1   rc=  1.729904   el= -0.658754   Ekb= -6.838447   kbcos= -0.530186
GHOST: No ghost state for L =  2
j- l= 2   rc=  2.054380   el=  0.012956   Ekb= -2.091516   kbcos= -0.007168
GHOST: No ghost state for L =  2
j+ l= 2   rc=  2.054380   el=  0.012956   Ekb= -2.068497   kbcos= -0.007197
GHOST: No ghost state for L =  3
j- l= 3   rc=  2.312931   el=  0.019231   Ekb= -1.223628   kbcos= -0.000911
GHOST: No ghost state for L =  3
j+ l= 3   rc=  2.319910   el=  0.019231   Ekb= -1.127658   kbcos= -0.000947

KBgen: Total number of Kleinman-Bylander projectors:  31
atom: -------------------------------------------------------------------------

atom: SANKEY-TYPE ORBITALS:

SPLIT: Orbitals with angular momentum L= 0

SPLIT: Basis orbitals for state 2s
Split based on tail norm

   izeta = 1
                 lambda =    1.000000
                     rc =    6.008450
                 energy =   -1.748400
                kinetic =    1.510144
    potential(screened) =   -3.258544
       potential(ionic) =  -11.141889

SPLIT: Orbitals with angular momentum L= 1

SPLIT: Basis orbitals for state 2p
Split based on tail norm

   izeta = 1
                 lambda =    1.000000
                     rc =    5.501461
                 energy =   -0.655838
                kinetic =    4.399317
    potential(screened) =   -5.055155
       potential(ionic) =  -12.639814
atom: Total number of Sankey-type orbitals:  4

atm_pop: Valence configuration (for local Pseudopot. screening):
 2s( 2.00)                                                            
 2p( 4.00)                                                            
Vna: chval, zval:    6.00000   6.00000

Vna:  Cut-off radius for the neutral-atom potential:   6.008450
comcore: Pseudo-core radius Rcore=  1.365517

atom: _________________________________________________________________________

prinput: Basis input 

PAO.BasisType split     

%block ChemicalSpeciesLabel
    1   77 Ir_dftu_so              # Species index, atomic number, species label
    2    8 O_dftu_so               # Species index, atomic number, species label
%endblock ChemicalSpeciesLabel

%block PAO.Basis                 # Define Basis set
# WARNING: This information might be incomplete!
Ir_dftu_so            2                    # Species label, number of l-shells
 n=6   0   1                         # n, l, Nzeta 
   6.008   
   1.000   
 n=5   2   1                         # n, l, Nzeta 
   4.502   
   1.000   
O_dftu_so             2                    # Species label, number of l-shells
 n=2   0   1                         # n, l, Nzeta 
   6.008   
   1.000   
 n=2   1   1                         # n, l, Nzeta 
   5.501   
   1.000   
%endblock PAO.Basis

prinput: ----------------------------------------------------------------------

Dumping basis to NetCDF file Ir_dftu_so.ion.nc
Dumping basis to NetCDF file O_dftu_so.ion.nc
coor:   Atomic-coordinates input format  =     Fractional

siesta: Atomic coordinates (Bohr) and species
siesta:      0.00000   0.00000   0.00000  1        1
siesta:      4.25845   4.25845   2.98477  1        2
siesta:      2.62418   2.62418   0.00000  2        3
siesta:      5.89271   5.89271   0.00000  2        4
siesta:      1.63426   6.88263   2.98477  2        5
siesta:      6.88263   1.63426   2.98477  2        6

siesta: System type = bulk      

initatomlists: Number of atoms, orbitals, and projectors:      6    28   186

siesta: ******************** Simulation parameters ****************************
siesta:
siesta: The following are some of the parameters of the simulation.
siesta: A complete list of the parameters used, including default values,
siesta: can be found in file out.fdf
siesta:
redata: Spin configuration                          = spin-orbit+offsite
redata: Number of spin components                   = 8
redata: Time-Reversal Symmetry                      = F
redata: Spin spiral                                 = F
redata: Long output                                 =   F
redata: Number of Atomic Species                    =        2
redata: Charge density info will appear in .RHO file
redata: Write Mulliken Pop.                         = Atomic and Orbital charges
redata: Matel table size (NRTAB)                    =     1024
redata: Mesh Cutoff                                 =    50.0000 Ry
redata: Net charge of the system                    =     0.0000 |e|
redata: Min. number of SCF Iter                     =        0
redata: Max. number of SCF Iter                     =      300
redata: SCF mix quantity                            = Hamiltonian
redata: Mix DM or H after convergence               =   F
redata: Recompute H after scf cycle                 =   F
redata: Mix DM in first SCF step                    =   T
redata: Write Pulay info on disk                    =   F
redata: New DM Occupancy tolerance                  = 0.000000000001
redata: No kicks to SCF
redata: DM Mixing Weight for Kicks                  =     0.5000
redata: Require Harris convergence for SCF          =   F
redata: Harris energy tolerance for SCF             =     0.000100 eV
redata: Require DM convergence for SCF              =   T
redata: DM tolerance for SCF                        =     0.000100
redata: Require EDM convergence for SCF             =   F
redata: EDM tolerance for SCF                       =     0.001000 eV
redata: Require H convergence for SCF               =   T
redata: Hamiltonian tolerance for SCF               =     0.001000 eV
redata: Require (free) Energy convergence for SCF   =   F
redata: (free) Energy tolerance for SCF             =     0.000100 eV
redata: Using DFT-D3 dispersion                     =   F
redata: Using Saved Data (generic)                  =   F
redata: Use continuation files for DM               =   F
redata: Neglect nonoverlap interactions             =   F
redata: Method of Calculation                       = Diagonalization
redata: Electronic Temperature                      =     1.0000 K
redata: Fix the spin of the system                  =   F
redata: Split SR and SO contributions               =   F
redata: Max. number of TDED Iter                    =        1
redata: Number of TDED substeps                     =        3
redata: Dynamics option                             = Single-point calculation
mix.SCF: Pulay mixing                            = Pulay
mix.SCF:    Variant                              = stable
mix.SCF:    History steps                        = 10
mix.SCF:    Linear mixing weight                 =     0.050000
mix.SCF:    Mixing weight                        =     0.050000
mix.SCF:    SVD condition                        = 0.1000E-07
mix.SCF:    Restart steps                        = 29
mix.SCF:    Restart save steps                   = 1
mix.SCF:    Number of mixing iterations          = 29
mix.SCF:    Following mixer                      = Linear-Kick
mix.SCF: Linear mixing                           = Linear-Kick
mix.SCF:    Mixing weight                        =     1.000000
mix.SCF:    Number of mixing iterations          = 1
mix.SCF:    Following mixer                      = Pulay
mix.SCF: Spin-component mixing                   all
redata: Save all siesta data in one NC              =   F
redata: ***********************************************************************

%block SCF.Mixers
  Pulay
  Linear-Kick
%endblock SCF.Mixers

%block SCF.Mixer.Pulay
  # Mixing method
  method pulay
  variant stable

  # Mixing options
  weight 0.0500
  weight.linear 0.0500
  history 10
  restart 29
  restart.save 1

  # Continuation options
  iterations 29
  next Linear-Kick
%endblock SCF.Mixer.Pulay

%block SCF.Mixer.Linear-Kick
  # Mixing method
  method linear

  # Mixing options
  weight 1.0000

  # Continuation options
  iterations 1
  next Pulay
%endblock SCF.Mixer.Linear-Kick

DM_history_depth set to one: no extrapolation allowed by default for geometry relaxation
Size of DM history Fstack: 1
Total number of electrons:    42.000000
Total ionic charge:    42.000000
k-point displ. along   3 input, could be:     0.50    0.00

Time-reversal symmetry not used.

siesta: k-grid: Number of k-points = 4
siesta: k-points from Monkhorst-Pack grid
siesta: k-cutoff (effective) =     1.579 Ang
siesta: k-point supercell and displacements
siesta: k-grid:     2     0     0      0.500
siesta: k-grid:     0     2     0      0.500
siesta: k-grid:     0     0     1      0.500

diag: Algorithm                                     = D&C
diag: Used triangular part                          = Lower
diag: Absolute tolerance                            =  0.100E-15
diag: Orthogonalization factor                      =  0.100E-05
diag: Memory factor                                 =  1.0000

superc: Internal auxiliary supercell:     5 x     5 x     7  =     175
superc: Number of atoms, orbitals, and projectors:   1050   4900  32550


ts: **************************************************************
ts: Save H and S matrices                           =    F
ts: Save DM and EDM matrices                        =    F
ts: Only save the overlap matrix S                  =    F
ts: **************************************************************

************************ Begin: TS CHECKS AND WARNINGS ************************
************************ End: TS CHECKS AND WARNINGS **************************


                     ====================================
                        Single-point calculation
                     ====================================

superc: Internal auxiliary supercell:     5 x     5 x     7  =     175
superc: Number of atoms, orbitals, and projectors:   1050   4900  32550

outcell: Unit cell vectors (Ang):
        4.506946    0.000000    0.000000
        0.000000    4.506946    0.000000
        0.000000    0.000000    3.158945

outcell: Cell vector modules (Ang)   :    4.506946    4.506946    3.158945
outcell: Cell angles (23,13,12) (deg):     90.0000     90.0000     90.0000
outcell: Cell volume (Ang**3)        :     64.1663
<dSpData1D:S at geom step 0
  <sparsity:sparsity for geom step 0
    nrows_g=28 nrows=28 sparsity=34.2653 nnzs=26864, refcount: 9>
  <dData1D:(new from dSpData1D) n=26864, refcount: 1>
refcount: 1>
new_DM -- step:     1
Initializing Density Matrix...
DM filled with atomic data (user-defined):
<dSpData2D:DM initialized from atoms
  <sparsity:sparsity for geom step 0
    nrows_g=28 nrows=28 sparsity=34.2653 nnzs=26864, refcount: 10>
  <dData2D:DM n=26864 m=8, refcount: 1>
refcount: 1>
     spin moment: {S} , |S| = {    0.00000    0.00000    0.00000 }     0.00000

InitMesh: MESH = 20 x 20 x 16 = 6400
InitMesh: Mesh cutoff (required, used) =    50.000    54.425 Ry
New grid distribution [1]: sub = 2

stepf: Fermi-Dirac step function

siesta: Program's energy decomposition (eV):
siesta: Ebs     =      -309.886287
siesta: Eions   =      3667.932260
siesta: Ena     =       222.452958
siesta: Ekin    =      2173.145839
siesta: Enl(+so)=      -838.709770
siesta: Eso(nil)=         0.000000
siesta: Edftu   =         1.835560
siesta: DEna    =       -54.381911
siesta: DUscf   =        38.301996
siesta: DUext   =         0.000000
siesta: Ex      =     -1527.091965
siesta: Ec      =      -109.684241
siesta: Exc     =     -1636.776205
siesta: EbV     =         0.000000
siesta: eta*DQ  =         0.000000
siesta: Emadel  =         0.000000
siesta: Emeta   =         0.000000
siesta: Emolmec =         0.000000
siesta: Ekinion =         0.000000
siesta: Eharris =     -3721.071992
siesta: Etot    =     -3762.063794
siesta: FreeEng =     -3762.063794

        iscf     Eharris(eV)        E_KS(eV)     FreeEng(eV)     dDmax    Ef(eV) dHmax(eV)
   scf:    1    -3721.071992    -3762.063794    -3762.063794  0.970559 -0.081476  8.524934
     spin moment: {S} , |S| = {   -0.00000    0.00000   -0.00000 }     0.00000
timer: Routine,Calls,Time,% = IterSCF        1       0.958  24.72
   scf:    2    -3769.575369    -3765.719538    -3765.719538  0.057204 -0.432973  7.763603
     spin moment: {S} , |S| = {   -0.00000    0.00000   -0.00000 }     0.00000
   scf:    3    -3781.205317    -3780.436272    -3780.436272  0.275495 -1.744326  2.816059
     spin moment: {S} , |S| = {    0.00000   -0.00000   -0.00000 }     0.00000
   scf:    4    -3781.068973    -3781.669549    -3781.669549  0.060068 -1.701512  1.317400
     spin moment: {S} , |S| = {   -0.00000    0.00000   -0.00000 }     0.00000
   scf:    5    -3781.673095    -3781.659805    -3781.659805  0.057551 -1.885616  1.518537
     spin moment: {S} , |S| = {   -0.00000    0.00000   -0.00000 }     0.00000
   scf:    6    -3782.708899    -3782.127568    -3782.127568  0.048785 -2.245469  0.283648
     spin moment: {S} , |S| = {   -0.00000    0.00000   -0.00000 }     0.00000
   scf:    7    -3782.086166    -3782.113487    -3782.113487  0.013462 -2.168980  0.342035
     spin moment: {S} , |S| = {   -0.00000    0.00000   -0.00000 }     0.00000
   scf:    8    -3782.147516    -3782.161467    -3782.161467  0.018194 -2.228587  0.052297
     spin moment: {S} , |S| = {   -0.00000    0.00000   -0.00000 }     0.00000
   scf:    9    -3782.167706    -3782.160149    -3782.160149  0.002046 -2.221172  0.053003
     spin moment: {S} , |S| = {    0.00000   -0.00000   -0.00000 }     0.00000
   scf:   10    -3782.163778    -3782.161547    -3782.161547  0.003117 -2.228724  0.023601
     spin moment: {S} , |S| = {    0.00000    0.00000   -0.00000 }     0.00000
   scf:   11    -3782.162789    -3782.161592    -3782.161592  0.001429 -2.228034  0.009804
     spin moment: {S} , |S| = {    0.00000   -0.00000   -0.00000 }     0.00000
   scf:   12    -3782.163284    -3782.161240    -3782.161240  0.000911 -2.226150  0.011073
     spin moment: {S} , |S| = {    0.00000   -0.00000   -0.00000 }     0.00000
   scf:   13    -3782.161176    -3782.161280    -3782.161280  0.000085 -2.226451  0.009582
     spin moment: {S} , |S| = {    0.00000   -0.00000   -0.00000 }     0.00000
   scf:   14    -3782.160460    -3782.161567    -3782.161567  0.000287 -2.227962  0.001477
     spin moment: {S} , |S| = {    0.00000   -0.00000   -0.00000 }     0.00000
   scf:   15    -3782.161496    -3782.161587    -3782.161587  0.000030 -2.228081  0.000603
     spin moment: {S} , |S| = {    0.00000   -0.00000   -0.00000 }     0.00000

SCF Convergence by DM+H criterion
max |DM_out - DM_in|         :     0.0000304058
max |H_out - H_in|      (eV) :     0.0006029033
SCF cycle converged after 15 iterations

Using DM_out to compute the final energy and forces

siesta: E_KS(eV) =            -3782.1616

siesta: E_KS - E_eggbox =     -3782.1616
     spin moment: {S} , |S| = {    0.00000   -0.00000   -0.00000 }     0.00000

siesta: Atomic forces (eV/Ang):
     1    0.000000    0.000000    0.000000
     2   -0.000000   -0.000000    0.000000
     3   -0.445559   -0.445559   -0.000000
     4    0.445559    0.445559   -0.000000
     5    0.445559   -0.445559   -0.000000
     6   -0.445559    0.445559   -0.000000
----------------------------------------
   Tot    0.000000    0.000000   -0.000000
----------------------------------------
   Max    0.445559
   Res    0.297040    sqrt( Sum f_i^2 / 3N )
----------------------------------------
   Max    0.445559    constrained

Stress tensor Voigt[x,y,z,yz,xz,xy] (kbar):        6.10        6.10      -52.11        0.00       -0.00       -0.00
(Free)E + p*V (eV/cell)    -3781.6288
Target enthalpy (eV/cell)    -3782.1616

mulliken: Atomic and Orbital Populations:

Species: Ir_dftu_so          

Atom      Orb        Charge      Spin       Svec
----------------------------------------------------------------
    1  1 6s         0.52265   0.00001      0.000   0.000   0.000
    1  2 5dxy       1.09177   0.00004     -0.000  -0.000   0.000
    1  3 5dyz       1.11453   0.00003     -0.000  -0.000   0.000
    1  4 5dz2       1.75860   0.00006      0.000   0.000   0.000
    1  5 5dxz       1.11453   0.00003      0.000  -0.000   0.000
    1  6 5dx2-y2    1.83076   0.00002     -0.000   0.000   0.000
    1     Total     7.43282   0.00017     -0.000  -0.000   0.000

    2  1 6s         0.52265   0.00001     -0.000  -0.000  -0.000
    2  2 5dxy       1.09177   0.00004      0.000  -0.000  -0.000
    2  3 5dyz       1.11453   0.00003      0.000   0.000  -0.000
    2  4 5dz2       1.75860   0.00006      0.000  -0.000  -0.000
    2  5 5dxz       1.11453   0.00003      0.000  -0.000  -0.000
    2  6 5dx2-y2    1.83076   0.00002      0.000   0.000  -0.000
    2     Total     7.43282   0.00017      0.000  -0.000  -0.000

----------------------------------------------------------------
Total              14.86565   0.00000      0.000  -0.000  -0.000


Species: O_dftu_so           

Atom      Orb        Charge      Spin       Svec
----------------------------------------------------------------
    3  1 2s         1.87894   0.00000     -0.000   0.000  -0.000
    3  2 2py        1.62967   0.00001      0.000   0.000  -0.000
    3  3 2pz        1.64530   0.00000      0.000   0.000   0.000
    3  4 2px        1.62967   0.00001      0.000  -0.000  -0.000
    3     Total     6.78359   0.00003      0.000   0.000  -0.000

    4  1 2s         1.87894   0.00000      0.000  -0.000  -0.000
    4  2 2py        1.62967   0.00001      0.000  -0.000  -0.000
    4  3 2pz        1.64530   0.00000     -0.000  -0.000   0.000
    4  4 2px        1.62967   0.00001     -0.000  -0.000  -0.000
    4     Total     6.78359   0.00003     -0.000  -0.000  -0.000

    5  1 2s         1.87894   0.00000      0.000   0.000   0.000
    5  2 2py        1.62967   0.00001     -0.000  -0.000   0.000
    5  3 2pz        1.64530   0.00000      0.000  -0.000  -0.000
    5  4 2px        1.62967   0.00001      0.000  -0.000   0.000
    5     Total     6.78359   0.00003      0.000  -0.000   0.000

    6  1 2s         1.87894   0.00000     -0.000   0.000   0.000
    6  2 2py        1.62967   0.00001      0.000   0.000   0.000
    6  3 2pz        1.64530   0.00000     -0.000   0.000  -0.000
    6  4 2px        1.62967   0.00001      0.000   0.000   0.000
    6     Total     6.78359   0.00003     -0.000   0.000   0.000

----------------------------------------------------------------
Total              42.00000   0.00000      0.000  -0.000  -0.000


siesta: Program's energy decomposition (eV):
siesta: Ebs     =      -407.285084
siesta: Eions   =      3667.932260
siesta: Ena     =       222.452958
siesta: Ekin    =      2113.689143
siesta: Enl(+so)=      -806.786432
siesta: Eso(nil)=         0.000000
siesta: Edftu   =         2.355672
siesta: DEna    =       -23.120924
siesta: DUscf   =         7.022344
siesta: DUext   =         0.000000
siesta: Ex      =     -1519.183133
siesta: Ec      =      -110.658953
siesta: Exc     =     -1629.842086
siesta: EbV     =         0.000000
siesta: eta*DQ  =         0.000000
siesta: Emadel  =         0.000000
siesta: Emeta   =         0.000000
siesta: Emolmec =         0.000000
siesta: Ekinion =         0.000000
siesta: Eharris =     -3782.161496
siesta: Etot    =     -3782.161587
siesta: FreeEng =     -3782.161587

siesta: Final energy (eV):
siesta:  Band Struct. =    -407.285084
siesta:       Kinetic =    2113.689143
siesta:       Hartree =     591.745892
siesta:         Edftu =       2.355672
siesta:      Eso(nil) =       0.000000
siesta:    Ext. field =       0.000000
siesta:         Exch. =   -1519.183133
siesta:         Corr. =    -110.658953
siesta:     Bulk bias =       0.000000
siesta:   Exch.-corr. =   -1629.842086
siesta:  Ion-electron =   -2847.957405
siesta:       Ion-ion =   -2012.152802
siesta:       Ekinion =       0.000000
siesta: D3 dispersion =       0.000000
siesta:         Total =   -3782.161587
siesta:         Fermi =      -2.228081

siesta: Atomic forces (eV/Ang):
siesta:      1    0.000000    0.000000    0.000000
siesta:      2   -0.000000   -0.000000    0.000000
siesta:      3   -0.445559   -0.445559   -0.000000
siesta:      4    0.445559    0.445559   -0.000000
siesta:      5    0.445559   -0.445559   -0.000000
siesta:      6   -0.445559    0.445559   -0.000000
siesta: ----------------------------------------
siesta:    Tot    0.000000    0.000000   -0.000000

siesta: Stress tensor (static) (eV/Ang**3):
siesta:     0.003808   -0.000000   -0.000000
siesta:    -0.000000    0.003808    0.000000
siesta:    -0.000000    0.000000   -0.032525

siesta: Cell volume =         64.166267 Ang**3

siesta: Pressure (static):
siesta:                Solid            Molecule  Units
siesta:           0.00009043          0.00014326  Ry/Bohr**3
siesta:           0.00830313          0.01315311  eV/Ang**3
siesta:          13.30308067         21.07360833  kBar
(Free)E+ p_basis*V_orbitals  =       -3780.495639
(Free)Eharris+ p_basis*V_orbitals  =       -3780.495548
     spin moment: {S} , |S| = {    0.00000   -0.00000   -0.00000 }     0.00000

cite: Please see "IrO2_dftu_so.bib" for an exhaustive BiBTeX file.
cite: Please clearly indicate Siesta version in published work: 5.0.0-alpha-123-gfb8fd7d02
cite: This calculation has made use of the following articles
cite: which are encouraged to be cited in a published work.
        Primary SIESTA paper
          DOI: www.doi.org/10.1088/0953-8984/14/11/302
        LDA+U implementation
          DOI: www.doi.org/10.1103/PhysRevB.57.1505
        Spin-orbit coupling (off-site approximation)
          DOI: www.doi.org/10.1088/0953-8984/24/8/086005


timer: Elapsed wall time (sec) =      18.652
timer: CPU execution times (sec):

Routine            Calls   Time/call    Tot.time        %
siesta                 1      18.649      18.649   100.00
Setup                  1       0.339       0.339     1.82
bands                  1       0.000       0.000     0.00
KSV_init               1       0.000       0.000     0.00
IterGeom               1      18.310      18.310    98.18
geom_init              1       2.577       2.577    13.82
state_init             1       0.056       0.056     0.30
hsparse                1       0.005       0.005     0.03
overlap                1       0.026       0.026     0.14
Setup_H0               1       1.403       1.403     7.52
naefs                  2       0.000       0.001     0.00
MolMec                 2       0.000       0.000     0.00
kinefsm                2       0.013       0.027     0.14
nlefsm                 2       0.816       1.632     8.75
DHSCF_Init             1       0.019       0.019     0.10
DHSCF1                 1       0.001       0.001     0.01
INITMESH               1       0.000       0.000     0.00
DHSCF2                 1       0.018       0.018     0.09
REMESH                 1       0.002       0.002     0.01
REORD                156       0.000       0.001     0.00
PHION                  1       0.011       0.011     0.06
COMM_BSC             278       0.000       0.001     0.01
POISON                18       0.000       0.002     0.01
fft                   36       0.000       0.001     0.01
setup_H               16       0.959      15.338    82.24
occ_proj_dftu         17       0.048       0.822     4.41
dftu_so_hamil_2       17       0.879      14.938    80.10
DHSCF                 17       0.034       0.577     3.09
DHSCF3                17       0.030       0.517     2.77
rhoofd                17       0.013       0.215     1.15
XC                    17       0.005       0.087     0.47
GXC-CellXC            17       0.005       0.086     0.46
gridxc@cellXC         17       0.005       0.086     0.46
vmat                  17       0.012       0.211     1.13
IterSCF               15       0.963      14.442    77.44
compute_dm            15       0.009       0.134     0.72
diagon                15       0.009       0.130     0.69
cdiag                120       0.000       0.035     0.19
cdiag1               120       0.000       0.002     0.01
cdiag2               120       0.000       0.007     0.04
cdiag3               120       0.000       0.023     0.12
cdiag4                60       0.000       0.001     0.01
MIXER                 14       0.005       0.070     0.38
PostSCF                1       1.289       1.289     6.91
DHSCF4                 1       0.060       0.060     0.32
dfscf                  1       0.055       0.055     0.29
overfsm                1       0.002       0.002     0.01
state_analysis         1       0.000       0.000     0.00
siesta_move            1       0.000       0.000     0.00
Analysis               1       0.000       0.000     0.00
optical                1       0.000       0.000     0.00
  

>> End of run:  28-SEP-2023  15:38:34
Job completed
