Siesta Version  : 5.0.0-alpha-123-gfb8fd7d02
Architecture    : ----
Compiler version: GNU-11.4.0
Compiler flags  : -fallow-argument-mismatch;-O3 -march=native
PP flags        : ----
Libraries       : ----
Parallelisations: none
GEMM3M support
NetCDF support
NetCDF-4 support
Lua support

Runtime information:
* Directory : /home/fnpedron/Siesta/siesta-dev/Tests/00.BasisSets/work/nodes
* Running in serial mode.
>> Start of run:  28-SEP-2023  15:34:55

                           *********************** 
                           *  WELCOME TO SIESTA  * 
                           *********************** 

reinit: Reading from standard input
reinit: Dumping input in INPUT_TMP.88744
************************** Dump of input data file ****************************
%include ../../basejob.fdf
SystemLabel         nodes
NumberOfAtoms       3
NumberOfSpecies     2
%block ChemicalSpeciesLabel
 1  8  O
 2  1  H
%endblock ChemicalSpeciesLabel
AtomicCoordinatesFormat  Ang
%block AtomicCoordinatesAndAtomicSpecies
 0.000  0.000  0.000  1
 0.757  0.586  0.000  2
-0.757  0.586  0.000  2
%endblock AtomicCoordinatesAndAtomicSpecies
PAO.BasisType nodes
PAO.SoftDefault T
PAO.OldStylePolOrbs F
************************** End of input data file *****************************

reinit: -----------------------------------------------------------------------
reinit: System Name: Water molecule
reinit: -----------------------------------------------------------------------
reinit: System Label: nodes
reinit: -----------------------------------------------------------------------

initatom: Reading input for the pseudopotentials and atomic orbitals ----------
Species number:   1 Atomic number:    8 Label: O
Species number:   2 Atomic number:    1 Label: H


---- Processing specs for species: O
Ground state valence configuration:   2s02  2p04
Reading pseudopotential information in formatted form from:
  /home/fnpedron/Siesta/siesta-dev/Tests/Pseudos/O.psf

---- Processing specs for species: H
Ground state valence configuration:   1s01
Reading pseudopotential information in formatted form from:
  /home/fnpedron/Siesta/siesta-dev/Tests/Pseudos/H.psf

---- Pseudopotential check for O 

Pseudized shells:
2s( 2.00) rc: 1.14
2p( 4.00) rc: 1.14
3d( 0.00) rc: 1.14
4f( 0.00) rc: 1.14
Valence configuration for ps generation: (assumed as above)

---- Pseudopotential check for H 

Pseudized shells:
1s( 1.00) rc: 1.25
2p( 0.00) rc: 1.25
3d( 0.00) rc: 1.25
4f( 0.00) rc: 1.25
Valence configuration for ps generation: (assumed as above)
For O, standard SIESTA heuristics set lmxkb to 3
 (one more than the basis l, including polarization orbitals).
Use PS.lmax or PS.KBprojectors blocks to override.
For H, standard SIESTA heuristics set lmxkb to 2
 (one more than the basis l, including polarization orbitals).
Use PS.lmax or PS.KBprojectors blocks to override.

<basis_specs>
===============================================================================
O                    Z=   8    Mass=  15.999        Charge= 0.17977+309
Lmxo=2 Lmxkb= 3    BasisType=nodes      Semic=F
L=0  Nsemic=0  Cnfigmx=2
          i=1  nzeta=2  polorb=0  (2s)
            splnorm:   0.15000    
               vcte:    40.000    
               rinn:  -0.90000    
               qcoe:    0.0000    
               qyuk:    0.0000    
               qwid:   0.10000E-01
                rcs:    0.0000      0.0000    
            lambdas:    1.0000      1.0000    
L=1  Nsemic=0  Cnfigmx=2
          i=1  nzeta=2  polorb=1  (2p)  (to be polarized perturbatively)
            splnorm:   0.15000    
               vcte:    40.000    
               rinn:  -0.90000    
               qcoe:    0.0000    
               qyuk:    0.0000    
               qwid:   0.10000E-01
                rcs:    0.0000      0.0000    
            lambdas:    1.0000      1.0000    
L=2  Nsemic=0  Cnfigmx=3
          i=1  nzeta=0  polorb=0  (3d)  (perturbative polarization orbital) (from 2p)
-------------------------------------------------------------------------------
L=0  Nkbl=1  erefs: 0.17977+309
L=1  Nkbl=1  erefs: 0.17977+309
L=2  Nkbl=1  erefs: 0.17977+309
L=3  Nkbl=1  erefs: 0.17977+309
===============================================================================
</basis_specs>

Using PAO.SplitTailNorm
atom: Called for O                     (Z =   8)
Maximum radius (at nrval) set to   50.00000 8518

read_vps: Pseudopotential generation method:
read_vps: ATM3      Troullier-Martins                       
Valence charge in pseudo generation:    6.00000

xc_check: Exchange-correlation functional:
xc_check: Ceperley-Alder
V l=0 = -2*Zval/r beyond r=  1.1366
V l=1 = -2*Zval/r beyond r=  1.1332
V l=2 = -2*Zval/r beyond r=  1.1298
V l=3 = -2*Zval/r beyond r=  1.1264
All V_l potentials equal beyond r=  1.1355
This should be close to max(r_c) in ps generation
All pots = -2*Zval/r beyond r=  1.1366
Using small-core scheme (local charge) for Vlocal

VLOCAL_FROM_CHLOCAL: 99.0% of the norm of Vloc inside     33.667 Ry
VLOCAL_FROM_CHLOCAL: 99.9% of the norm of Vloc inside     76.727 Ry
atom: Maximum radius for chlocal:    1.37241
atom: Maximum radius for r*vlocal+2*Zval:    1.25469

KBgen: Kleinman-Bylander projectors: 
GHOST: No ghost state for L =  0
   l= 0   rc=  1.293209   el= -1.742414   Ekb=  9.076872   kbcos=  0.325320
GHOST: No ghost state for L =  1
   l= 1   rc=  1.284119   el= -0.676589   Ekb= -8.194485   kbcos= -0.396010
GHOST: No ghost state for L =  2
   l= 2   rc=  1.433152   el=  0.013307   Ekb= -2.071665   kbcos= -0.003690
GHOST: No ghost state for L =  3
   l= 3   rc=  1.540891   el=  0.019584   Ekb= -0.817137   kbcos= -0.000371

KBgen: Total number of Kleinman-Bylander projectors:  16
atom: -------------------------------------------------------------------------

atom: SANKEY-TYPE ORBITALS:
atom: Selected multiple-zeta basis: nodes     

NODES: Orbitals with angular momentum L= 0

NODES: Basis orbitals for state 2s

NODES: PAO cut-off radius determinated from an
NODES: energy shift=  0.010000 Ry

   izeta = 1
                 lambda =    1.000000
                     rc =    3.560943
                 energy =   -1.732494
                kinetic =    1.577540
    potential(screened) =   -3.310034
       potential(ionic) =  -11.241074

   izeta = 2
                 lambda =    1.000000
                     rc =    3.560943
                 energy =    1.369421
                kinetic =    2.687501
    potential(screened) =   -1.318080
       potential(ionic) =   -6.785598

NODES: Orbitals with angular momentum L= 1

NODES: Basis orbitals for state 2p

NODES: PAO cut-off radius determinated from an
NODES: energy shift=  0.010000 Ry

   izeta = 1
                 lambda =    1.000000
                     rc =    4.290924
                 energy =   -0.666667
                kinetic =    4.907683
    potential(screened) =   -5.574350
       potential(ionic) =  -13.303154

   izeta = 2
                 lambda =    1.000000
                     rc =    4.290924
                 energy =    1.094943
                kinetic =    3.352611
    potential(screened) =   -2.257668
       potential(ionic) =   -7.187197

POLgen: Perturbative polarization orbital with L=  2

POLgen: Polarization orbital for state 2p
Split based on tail norm

   izeta = 1
                     rc =    4.290924
                 energy =    2.223094
                kinetic =    4.251249
    potential(screened) =   -2.028156
       potential(ionic) =   -8.142598
atom: Total number of Sankey-type orbitals: 13

atm_pop: Valence configuration (for local Pseudopot. screening):
 2s( 2.00)                                                            
 2p( 4.00)                                                            
 3d( 0.00)                                                            
Vna: chval, zval:    6.00000   6.00000

Vna:  Cut-off radius for the neutral-atom potential:   4.290924

atom: _________________________________________________________________________

<basis_specs>
===============================================================================
H                    Z=   1    Mass=  1.0080        Charge= 0.17977+309
Lmxo=1 Lmxkb= 2    BasisType=nodes      Semic=F
L=0  Nsemic=0  Cnfigmx=1
          i=1  nzeta=2  polorb=1  (1s)  (to be polarized perturbatively)
            splnorm:   0.15000    
               vcte:    40.000    
               rinn:  -0.90000    
               qcoe:    0.0000    
               qyuk:    0.0000    
               qwid:   0.10000E-01
                rcs:    0.0000      0.0000    
            lambdas:    1.0000      1.0000    
L=1  Nsemic=0  Cnfigmx=2
          i=1  nzeta=0  polorb=0  (2p)  (perturbative polarization orbital) (from 1s)
-------------------------------------------------------------------------------
L=0  Nkbl=1  erefs: 0.17977+309
L=1  Nkbl=1  erefs: 0.17977+309
L=2  Nkbl=1  erefs: 0.17977+309
===============================================================================
</basis_specs>

Using PAO.SplitTailNorm
atom: Called for H                     (Z =   1)
Maximum radius (at nrval) set to   50.00000 8518

read_vps: Pseudopotential generation method:
read_vps: ATM3      Troullier-Martins                       
Valence charge in pseudo generation:    1.00000

xc_check: Exchange-correlation functional:
xc_check: Ceperley-Alder
V l=0 = -2*Zval/r beyond r=  1.2384
V l=1 = -2*Zval/r beyond r=  1.2321
V l=2 = -2*Zval/r beyond r=  1.2272
All V_l potentials equal beyond r=  1.2371
This should be close to max(r_c) in ps generation
All pots = -2*Zval/r beyond r=  1.2384
Using small-core scheme (local charge) for Vlocal

VLOCAL_FROM_CHLOCAL: 99.0% of the norm of Vloc inside     28.363 Ry
VLOCAL_FROM_CHLOCAL: 99.9% of the norm of Vloc inside     64.639 Ry
atom: Maximum radius for chlocal:    1.44620
atom: Maximum radius for r*vlocal+2*Zval:    1.31026

KBgen: Kleinman-Bylander projectors: 
GHOST: No ghost state for L =  0
   l= 0   rc=  1.364142   el= -0.467325   Ekb= -2.009475   kbcos= -0.336680
GHOST: No ghost state for L =  1
   l= 1   rc=  1.430269   el=  0.007562   Ekb= -0.503817   kbcos= -0.022554
GHOST: No ghost state for L =  2
   l= 2   rc=  1.469686   el=  0.013286   Ekb= -0.191752   kbcos= -0.002430

KBgen: Total number of Kleinman-Bylander projectors:   9
atom: -------------------------------------------------------------------------

atom: SANKEY-TYPE ORBITALS:
atom: Selected multiple-zeta basis: nodes     

NODES: Orbitals with angular momentum L= 0

NODES: Basis orbitals for state 1s

NODES: PAO cut-off radius determinated from an
NODES: energy shift=  0.010000 Ry

   izeta = 1
                 lambda =    1.000000
                     rc =    5.285354
                 energy =   -0.457301
                kinetic =    0.890121
    potential(screened) =   -1.347422
       potential(ionic) =   -1.879749

   izeta = 2
                 lambda =    1.000000
                     rc =    5.285354
                 energy =    0.611829
                kinetic =    1.375545
    potential(screened) =   -0.763716
       potential(ionic) =   -1.186527

POLgen: Perturbative polarization orbital with L=  1

POLgen: Polarization orbital for state 1s
Split based on tail norm

   izeta = 1
                     rc =    5.285354
                 energy =    0.637967
                kinetic =    1.274869
    potential(screened) =   -0.636902
       potential(ionic) =   -1.113610
atom: Total number of Sankey-type orbitals:  5

atm_pop: Valence configuration (for local Pseudopot. screening):
 1s( 1.00)                                                            
 2p( 0.00)                                                            
Vna: chval, zval:    1.00000   1.00000

Vna:  Cut-off radius for the neutral-atom potential:   5.285354

atom: _________________________________________________________________________

prinput: Basis input 

PAO.BasisType nodes     

%block ChemicalSpeciesLabel
    1    8 O                       # Species index, atomic number, species label
    2    1 H                       # Species index, atomic number, species label
%endblock ChemicalSpeciesLabel

%block PAO.Basis                 # Define Basis set
# WARNING: This information might be incomplete!
O                     2                    # Species label, number of l-shells
 n=2   0   2                         # n, l, Nzeta 
   3.561      3.561   
   1.000      1.000   
 n=2   1   2 P   1                   # n, l, Nzeta, Polarization, NzetaPol
   4.291      4.291   
   1.000      1.000   
H                     1                    # Species label, number of l-shells
 n=1   0   2 P   1                   # n, l, Nzeta, Polarization, NzetaPol
   5.285      5.285   
   1.000      1.000   
%endblock PAO.Basis

prinput: ----------------------------------------------------------------------

Dumping basis to NetCDF file O.ion.nc
Dumping basis to NetCDF file H.ion.nc
coor:   Atomic-coordinates input format  =     Cartesian coordinates
coor:                                          (in Angstroms)

siesta: Atomic coordinates (Bohr) and species
siesta:      0.00000   0.00000   0.00000  1        1
siesta:      1.43052   1.10738   0.00000  2        2
siesta:     -1.43052   1.10738   0.00000  2        3

siesta: System type = molecule  

initatomlists: Number of atoms, orbitals, and projectors:      3    23    34

siesta: ******************** Simulation parameters ****************************
siesta:
siesta: The following are some of the parameters of the simulation.
siesta: A complete list of the parameters used, including default values,
siesta: can be found in file out.fdf
siesta:
redata: Spin configuration                          = none
redata: Number of spin components                   = 1
redata: Time-Reversal Symmetry                      = T
redata: Spin spiral                                 = F
redata: Long output                                 =   F
redata: Number of Atomic Species                    =        2
redata: Charge density info will appear in .RHO file
redata: Write Mulliken Pop.                         = NO
redata: Matel table size (NRTAB)                    =     1024
redata: Mesh Cutoff                                 =   100.0000 Ry
redata: Net charge of the system                    =     0.0000 |e|
redata: Min. number of SCF Iter                     =        0
redata: Max. number of SCF Iter                     =        3
redata: SCF mix quantity                            = Hamiltonian
redata: Mix DM or H after convergence               =   F
redata: Recompute H after scf cycle                 =   F
redata: Mix DM in first SCF step                    =   T
redata: Write Pulay info on disk                    =   F
redata: New DM Occupancy tolerance                  = 0.000000000001
redata: No kicks to SCF
redata: DM Mixing Weight for Kicks                  =     0.5000
redata: Require Harris convergence for SCF          =   F
redata: Harris energy tolerance for SCF             =     0.000100 eV
redata: Require DM convergence for SCF              =   T
redata: DM tolerance for SCF                        =     0.000100
redata: Require EDM convergence for SCF             =   F
redata: EDM tolerance for SCF                       =     0.001000 eV
redata: Require H convergence for SCF               =   T
redata: Hamiltonian tolerance for SCF               =     0.001000 eV
redata: Require (free) Energy convergence for SCF   =   F
redata: (free) Energy tolerance for SCF             =     0.000100 eV
redata: Using DFT-D3 dispersion                     =   F
redata: Using Saved Data (generic)                  =   F
redata: Use continuation files for DM               =   F
redata: Neglect nonoverlap interactions             =   F
redata: Method of Calculation                       = Diagonalization
redata: Electronic Temperature                      =   299.9863 K
redata: Fix the spin of the system                  =   F
redata: Max. number of TDED Iter                    =        1
redata: Number of TDED substeps                     =        3
redata: Dynamics option                             = Single-point calculation
mix.SCF: Pulay mixing                            = Pulay
mix.SCF:    Variant                              = stable
mix.SCF:    History steps                        = 2
mix.SCF:    Linear mixing weight                 =     0.250000
mix.SCF:    Mixing weight                        =     0.250000
mix.SCF:    SVD condition                        = 0.1000E-07
redata: Save all siesta data in one NC              =   F
redata: ***********************************************************************

%block SCF.Mixers
  Pulay
%endblock SCF.Mixers

%block SCF.Mixer.Pulay
  # Mixing method
  method pulay
  variant stable

  # Mixing options
  weight 0.2500
  weight.linear 0.2500
  history 2
%endblock SCF.Mixer.Pulay

DM_history_depth set to one: no extrapolation allowed by default for geometry relaxation
Size of DM history Fstack: 1
Total number of electrons:     8.000000
Total ionic charge:     8.000000

siesta: k-grid: Number of k-points = 1
siesta: k-point is Gamma-only

diag: Algorithm                                     = D&C
diag: Used triangular part                          = Lower
diag: Absolute tolerance                            =  0.100E-15
diag: Orthogonalization factor                      =  0.100E-05
diag: Memory factor                                 =  1.0000


ts: **************************************************************
ts: Save H and S matrices                           =    F
ts: Save DM and EDM matrices                        =    F
ts: Only save the overlap matrix S                  =    F
ts: **************************************************************

************************ Begin: TS CHECKS AND WARNINGS ************************
************************ End: TS CHECKS AND WARNINGS **************************


                     ====================================
                        Single-point calculation
                     ====================================

outcell: Unit cell vectors (Ang):
       10.000000    0.000000    0.000000
        0.000000   10.000000    0.000000
        0.000000    0.000000    8.000000

outcell: Cell vector modules (Ang)   :   10.000000   10.000000    8.000000
outcell: Cell angles (23,13,12) (deg):     90.0000     90.0000     90.0000
outcell: Cell volume (Ang**3)        :    800.0000
<dSpData1D:S at geom step 0
  <sparsity:sparsity for geom step 0
    nrows_g=23 nrows=23 sparsity=1.0000 nnzs=529, refcount: 7>
  <dData1D:(new from dSpData1D) n=529, refcount: 1>
refcount: 1>
new_DM -- step:     1
Initializing Density Matrix...
DM filled with atomic data:
<dSpData2D:DM initialized from atoms
  <sparsity:sparsity for geom step 0
    nrows_g=23 nrows=23 sparsity=1.0000 nnzs=529, refcount: 8>
  <dData2D:DM n=529 m=1, refcount: 1>
refcount: 1>
No. of atoms with KB's overlaping orbs in proc 0. Max # of overlaps:       3      23

InitMesh: MESH = 64 x 64 x 50 = 204800
InitMesh: Mesh cutoff (required, used) =   100.000   107.960 Ry
New grid distribution [1]: sub = 2

stepf: Fermi-Dirac step function

siesta: Program's energy decomposition (eV):
siesta: Ebs     =       -76.169269
siesta: Eions   =       810.513381
siesta: Ena     =       175.342880
siesta: Ekin    =       380.624868
siesta: Enl     =       -70.701795
siesta: Eso     =         0.000000
siesta: Edftu   =         0.000000
siesta: DEna    =       -24.712750
siesta: DUscf   =         3.270904
siesta: DUext   =         0.000000
siesta: Ex      =      -105.133107
siesta: Ec      =       -12.825258
siesta: Exc     =      -117.958364
siesta: EbV     =         0.000000
siesta: eta*DQ  =         0.000000
siesta: Emadel  =         0.000000
siesta: Emeta   =         0.000000
siesta: Emolmec =         0.000000
siesta: Ekinion =         0.000000
siesta: Eharris =      -464.389970
siesta: Etot    =      -464.647638
siesta: FreeEng =      -464.647638

        iscf     Eharris(eV)        E_KS(eV)     FreeEng(eV)     dDmax    Ef(eV) dHmax(eV)
   scf:    1     -464.389970     -464.647638     -464.647638  0.753750 -2.934928  7.977650
timer: Routine,Calls,Time,% = IterSCF        1       0.017   1.51
   scf:    2     -466.738903     -465.875512     -465.875512  0.091802 -1.338546  3.255974
   scf:    3     -466.072530     -466.053476     -466.053476  0.055149 -0.218102  0.280103
SCF_NOT_CONV: SCF did not converge  in maximum number of steps.
Geom step, scf iteration, dmax:    0     3     0.020587

Using DM_out to compute the final energy and forces
No. of atoms with KB's overlaping orbs in proc 0. Max # of overlaps:       3      23

siesta: E_KS(eV) =             -466.0535

siesta: E_KS - E_eggbox =      -466.0535

siesta: Atomic forces (eV/Ang):
----------------------------------------
   Tot   -0.000000   -0.035681    0.000000
----------------------------------------
   Max    1.997226
   Res    1.059980    sqrt( Sum f_i^2 / 3N )
----------------------------------------
   Max    1.997226    constrained

Stress tensor Voigt[x,y,z,yz,xz,xy] (kbar):       -4.40       -2.41       -0.32        0.00        0.00       -0.00
(Free)E + p*V (eV/cell)     -464.8662
Target enthalpy (eV/cell)     -466.0535

siesta: Program's energy decomposition (eV):
siesta: Ebs     =      -108.091069
siesta: Eions   =       810.513381
siesta: Ena     =       175.342880
siesta: Ekin    =       347.715751
siesta: Enl     =       -62.451387
siesta: Eso     =         0.000000
siesta: Edftu   =         0.000000
siesta: DEna    =        -4.674436
siesta: DUscf   =         0.900470
siesta: DUext   =         0.000000
siesta: Ex      =       -99.805940
siesta: Ec      =       -12.567432
siesta: Exc     =      -112.373372
siesta: EbV     =         0.000000
siesta: eta*DQ  =         0.000000
siesta: Emadel  =         0.000000
siesta: Emeta   =         0.000000
siesta: Emolmec =         0.000000
siesta: Ekinion =         0.000000
siesta: Eharris =      -466.072530
siesta: Etot    =      -466.053476
siesta: FreeEng =      -466.053476

siesta: Final energy (eV):
siesta:  Band Struct. =    -108.091069
siesta:       Kinetic =     347.715751
siesta:       Hartree =     446.156716
siesta:         Edftu =       0.000000
siesta:       Eso     =       0.000000
siesta:    Ext. field =       0.000000
siesta:         Exch. =     -99.805940
siesta:         Corr. =     -12.567432
siesta:     Bulk bias =       0.000000
siesta:   Exch.-corr. =    -112.373372
siesta:  Ion-electron =   -1200.890335
siesta:       Ion-ion =      53.337765
siesta:       Ekinion =       0.000000
siesta: D3 dispersion =       0.000000
siesta:         Total =    -466.053476
siesta:         Fermi =      -0.218102

siesta: Atomic forces (eV/Ang):
siesta:      1    0.000000   -1.997226    0.000000
siesta:      2    1.449013    0.980772   -0.000000
siesta:      3   -1.449013    0.980772   -0.000000
siesta: ----------------------------------------
siesta:    Tot   -0.000000   -0.035681    0.000000

siesta: Stress tensor (static) (eV/Ang**3):
siesta:    -0.002746    0.000000   -0.000000
siesta:    -0.000000   -0.001505    0.000000
siesta:     0.000000    0.000000   -0.000201

siesta: Cell volume =        800.000000 Ang**3

siesta: Pressure (static):
siesta:                Solid            Molecule  Units
siesta:           0.00001616          0.00000093  Ry/Bohr**3
siesta:           0.00148403          0.00008520  eV/Ang**3
siesta:           2.37768431          0.13649907  kBar
(Free)E+ p_basis*V_orbitals  =        -465.113442
(Free)Eharris+ p_basis*V_orbitals  =        -465.132496

siesta: Electric dipole (a.u.)  =   -0.000000    0.555835   -0.000000
siesta: Electric dipole (Debye) =   -0.000000    1.412793   -0.000000

cite: Please see "nodes.bib" for an exhaustive BiBTeX file.
cite: Please clearly indicate Siesta version in published work: 5.0.0-alpha-123-gfb8fd7d02
cite: This calculation has made use of the following articles
cite: which are encouraged to be cited in a published work.
        Primary SIESTA paper
          DOI: www.doi.org/10.1088/0953-8984/14/11/302


timer: Elapsed wall time (sec) =       1.231
timer: CPU execution times (sec):

Routine            Calls   Time/call    Tot.time        %
siesta                 1       1.231       1.231   100.00
Setup                  1       0.075       0.075     6.07
bands                  1       0.000       0.000     0.00
KSV_init               1       0.000       0.000     0.00
IterGeom               1       1.156       1.156    93.90
geom_init              1       1.050       1.050    85.27
state_init             1       0.115       0.115     9.36
hsparse                1       0.000       0.000     0.00
overlap                1       0.115       0.115     9.31
Setup_H0               1       0.917       0.917    74.48
naefs                  2       0.000       0.000     0.02
MolMec                 2       0.000       0.000     0.00
kinefsm                2       0.066       0.132    10.76
nlefsm                 2       0.378       0.756    61.38
DHSCF_Init             1       0.029       0.029     2.37
DHSCF1                 1       0.003       0.003     0.24
INITMESH               1       0.000       0.000     0.00
DHSCF2                 1       0.026       0.026     2.12
REMESH                 1       0.001       0.001     0.09
REORD                 18       0.000       0.004     0.31
PHION                  1       0.013       0.013     1.02
COMM_BSC              23       0.000       0.004     0.33
POISON                 6       0.007       0.044     3.54
fft                   12       0.003       0.032     2.59
setup_H                4       0.020       0.080     6.49
DHSCF                  5       0.024       0.121     9.84
DHSCF3                 5       0.020       0.100     8.08
rhoofd                 5       0.002       0.011     0.91
XC                     5       0.006       0.030     2.40
GXC-CellXC             5       0.005       0.024     1.95
gridxc@cellXC          5       0.005       0.024     1.95
vmat                   5       0.002       0.009     0.70
IterSCF                3       0.021       0.063     5.14
compute_dm             3       0.000       0.000     0.03
diagon                 3       0.000       0.000     0.03
r-eigvec               3       0.000       0.000     0.03
r-buildHS              3       0.000       0.000     0.00
rdiag                  3       0.000       0.000     0.03
rdiag1                 3       0.000       0.000     0.00
rdiag2                 3       0.000       0.000     0.00
rdiag3                 3       0.000       0.000     0.01
rdiag4                 3       0.000       0.000     0.00
r-buildD               3       0.000       0.000     0.00
MIXER                  3       0.000       0.000     0.00
PostSCF                1       0.043       0.043     3.47
DHSCF4                 1       0.022       0.022     1.75
dfscf                  1       0.018       0.018     1.45
overfsm                1       0.000       0.000     0.01
state_analysis         1       0.000       0.000     0.01
siesta_move            1       0.000       0.000     0.00
Analysis               1       0.000       0.000     0.01
optical                1       0.000       0.000     0.00
  

>> End of run:  28-SEP-2023  15:34:56
Job completed
