TBtrans Version: TBTRANS_VERSION
Architecture  : SIESTA_ARCH
Compiler flags: FFLAGS
PP flags      : FPPFLAGS
Libraries     : LIBS
SERIAL version
NetCDF support
NetCDF-4 support

Runtime information:
* Directory : /home/fnpedron/Siesta/siesta-dev/Tests/16.TranSiesta/work/TBT_ts_n_terminal_3
* Running in serial mode.
>> Start of run:  28-SEP-2023  15:40:52

                           ************************ 
                           *  WELCOME TO TBtrans  * 
                           ************************ 

reinit: Reading from file ts_n_terminal_3.fdf

reinit: -----------------------------------------------------------------------
reinit: System Name: 
reinit: -----------------------------------------------------------------------
reinit: System Label: ts_n_terminal_3
reinit: -----------------------------------------------------------------------

 Kpoints in:            1 . Kpoints trimmed:            1
tbt: Number of transport k-points = 1
tbt: Method = Monkhorst-Pack grid.
tbt: k-grid: Supercell and displacements
tbt:            1   0   0      0.000
tbt:            0   1   0      0.000
tbt:            0   0   1      0.000


tbt: **************************************************************
tbt: Electronic temperature (reference)             =  299.9863 K
tbt: No applied bias
tbt: Calculate transmission only using diag(Gf)     =    F
tbt: Saving bulk transmission for electrodes        =    F
tbt: Saving DOS from bulk electrodes                =    F
tbt: Saving DOS from Green function                 =    T
tbt: Saving DOS from spectral functions             =    T
tbt: Saving bond currents (orb-orb)                 =    F
tbt: Saving DM from Green function                  =    F
tbt: Saving DM from spectral functions              =    F
tbt: Saving COOP from Green function                =    F
tbt: Saving COOP from spectral functions            =    F
tbt: Saving COHP from Green function                =    F
tbt: Saving COHP from spectral functions            =    F
tbt: Calc. # transmission eigenvalues               =  0
tbt: Calc. T between all electrodes                 =    F
tbt: Calc. total T out of electrodes                =    F
tbt: Non-polarized Hamiltonian
tbt: BTD creation algorithm                         =    speed
tbt: BTD spectral function algorithm                =    propagation
tbt: Divide and conquer diagonalization             =    F
tbt: Assume LAPACK <i|S|j> = delta_ij               =    F
tbt: Saving downfolded self-energies                =    F
tbt: No delta Hamiltonian
tbt: No delta self-energy
tbt: Data files stored in current folder
tbt: No compression of TBT.nc files
tbt: Default NetCDF precision                       =    single
tbt: Parallel MPI-IO not possible
tbt:           >> Electrodes << 
tbt: >> el-1
tbt:   Electrode cell pivoting: E1, E2, E3          = A1, A2, A3
tbt:   In-core self-energy calculation
tbt:   Electrode TSHS file                          = ./ts_n_terminal_elec_x.TSHS
tbt:   # atoms in electrode used / total            = 4 / 4
tbt:   Electrode Bloch unity [E1 x E2 x E3]         = 1 x 1 x 1
tbt:   Position in geometry                         = 1 -- 4
tbt:   Semi-infinite direction for electrode        = negative wrt. E1
tbt:   Chemical shift                               =    0.000000 eV
tbt:   Electronic temperature                       =  299.986274 K
tbt:   Gamma-only electrode                         =    T
tbt:   Bulk H, S in electrode region                =    T
tbt:   Manual delta-Ef shift                        =    0.000000 eV
tbt:   Electrode self-energy imaginary Eta          =  0.1000E-02 eV
tbt:   Electrode self-energy accuracy               =  0.1000E-12 eV
tbt:   Electrode inter-layer distance (semi-inf)    =    1.2700 Ang
tbt: >> el-3
tbt:   Electrode cell pivoting: E1, E2, E3          = A3, A2, A1
tbt:   In-core self-energy calculation
tbt:   Electrode TSHS file                          = ./ts_n_terminal_elec_z.TSHS
tbt:   # atoms in electrode used / total            = 4 / 4
tbt:   Electrode Bloch unity [E1 x E2 x E3]         = 1 x 1 x 1
tbt:   Position in geometry                         = 13 -- 16
tbt:   Semi-infinite direction for electrode        = negative wrt. E1
tbt:   Chemical shift                               =    0.000000 eV
tbt:   Electronic temperature                       =  299.986274 K
tbt:   Gamma-only electrode                         =    T
tbt:   Bulk H, S in electrode region                =    T
tbt:   Manual delta-Ef shift                        =    0.000000 eV
tbt:   Electrode self-energy imaginary Eta          =  0.1000E-02 eV
tbt:   Electrode self-energy accuracy               =  0.1000E-12 eV
tbt:   Electrode inter-layer distance (semi-inf)    =    1.2700 Ang
tbt: >> el-4
tbt:   Electrode cell pivoting: E1, E2, E3          = A3, A2, A1
tbt:   In-core self-energy calculation
tbt:   Electrode TSHS file                          = ./ts_n_terminal_elec_z.TSHS
tbt:   # atoms in electrode used / total            = 4 / 4
tbt:   Electrode Bloch unity [E1 x E2 x E3]         = 1 x 1 x 1
tbt:   Position in geometry                         = 33 -- 36
tbt:   Semi-infinite direction for electrode        = positive wrt. E1
tbt:   Chemical shift                               =    0.000000 eV
tbt:   Electronic temperature                       =  299.986274 K
tbt:   Gamma-only electrode                         =    T
tbt:   Bulk H, S in electrode region                =    T
tbt:   Manual delta-Ef shift                        =    0.000000 eV
tbt:   Electrode self-energy imaginary Eta          =  0.1000E-02 eV
tbt:   Electrode self-energy accuracy               =  0.1000E-12 eV
tbt:   Electrode inter-layer distance (semi-inf)    =    1.2700 Ang
ts:              >> TBtrans contour << 
ts: Device Green function imaginary Eta             = 0.1000E-03 eV
ts: Contour name                                    =    TBT.Contour.line
ts:   line contour E_min                            =  -15.0000 eV
ts:   line contour E_max                            =   10.0000 eV
ts:   line contour points                           = 2500
ts:   line contour method                           =    Mid-rule
tbt: **************************************************************

tbt: <<<<<<<<<<<<<<<<<<<<<<<<<<<<<<<<<<<<<<<<<<<<<<<<<<<<<<<<<<<<<<
%block TBT.Contours
    line
%endblock TBT.Contours

%block TBT.Contour.line
     from -15. eV to 10. eV
      delta 0.01 eV
        method mid-rule
%endblock TBT.Contour.line
tbt: <<<<<<<<<<<<<<<<<<<<<<<<<<<<<<<<<<<<<<<<<<<<<<<<<<<<<<<<<<<<<<

************************ Begin: TBT CHECKS AND WARNINGS ************************
************************ End: TBT CHECKS AND WARNINGS **************************

Device information (full):
  <sparsity:ts_n_terminal_3.TSHS
    nrows_g=172 nrows=172 sparsity=.2396 nnzs=7088, refcount: 3>

Electrode information:

  <sparsity:./ts_n_terminal_elec_x.TSHS
    nrows_g=16 nrows=16 sparsity=2.2500 nnzs=576, refcount: 3>
  <sparsity:(TM [ 0,--,--] of: ./ts_n_terminal_elec_x.TSHS)
    nrows_g=16 nrows=16 sparsity=1.0000 nnzs=256, refcount: 3>
  <sparsity:(TM [ 1,--,--] of: ./ts_n_terminal_elec_x.TSHS)
    nrows_g=16 nrows=16 sparsity=.6250 nnzs=160, refcount: 3>
 el-1 principal cell is perfect!

  <sparsity:./ts_n_terminal_elec_z.TSHS
    nrows_g=16 nrows=16 sparsity=2.2500 nnzs=576, refcount: 3>
  <sparsity:(TM [ 0,--,--] of: ./ts_n_terminal_elec_z.TSHS)
    nrows_g=16 nrows=16 sparsity=1.0000 nnzs=256, refcount: 3>
  <sparsity:(TM [ 1,--,--] of: ./ts_n_terminal_elec_z.TSHS)
    nrows_g=16 nrows=16 sparsity=.6250 nnzs=160, refcount: 3>
 el-3 principal cell is perfect!

  <sparsity:./ts_n_terminal_elec_z.TSHS
    nrows_g=16 nrows=16 sparsity=2.2500 nnzs=576, refcount: 3>
  <sparsity:(TM [ 0,--,--] of: ./ts_n_terminal_elec_z.TSHS)
    nrows_g=16 nrows=16 sparsity=1.0000 nnzs=256, refcount: 3>
  <sparsity:(TM [-1,--,--] of: ./ts_n_terminal_elec_z.TSHS)
    nrows_g=16 nrows=16 sparsity=.6250 nnzs=160, refcount: 3>
 el-4 principal cell is perfect!


tbt: Analyzing electrode sparsity pattern and electrode pivot-tables

*** WARNING! Removed 320 elements which connect electrodes across the device region!

tbt: BTD pivoting scheme for electrode (el-1): atom+el-1
tbt: BTD pivoting scheme for electrode (el-3): atom+el-3
tbt: BTD pivoting scheme for electrode (el-4): atom+el-4

tbt: Analyzing device sparsity pattern and pivot-table
tbt: BTD pivoting scheme in device: atom+GGPS
tbt: Done analyzing electrode and device sparsity pattern and pivot-tables

tbt: Reducing matrix (H, S) sparsity patterns by: 320

tbt: # of device region orbitals: 124
Region (31): [A]-device
  [ 5 -- 12, 17 -- 32, 37 -- 43 ]

tbt: # of el-1 downfolding orbitals: 32
tbt: # of el-1 device orbitals: 16
Region (4): [A]-el-1 folding region
  [ 1 -- 4 ]
Region (4): [A]-el-1 folding in D
  [ 5 -- 8 ]

tbt: # of el-3 downfolding orbitals: 32
tbt: # of el-3 device orbitals: 16
Region (4): [A]-el-3 folding region
  [ 13 -- 16 ]
Region (4): [A]-el-3 folding in D
  [ 17 -- 20 ]

tbt: # of el-4 downfolding orbitals: 32
tbt: # of el-4 device orbitals: 16
Region (4): [A]-el-4 folding region
  [ 33 -- 36 ]
Region (4): [A]-el-4 folding in D
  [ 29 -- 32 ]

tbt: Creating electrode tri-diagonal matrix blocks
tbt: Creating device tri-diagonal matrix blocks
Region (4): [TRI] device region
  [ 4, 16, [52]*2 ]

tbt: Electrodes tri-diagonal matrices
Region (2): [TRI] el-1
  [ [16]*2 ]
Region (2): [TRI] el-3
  [ [16]*2 ]
Region (2): [TRI] el-4
  [ [16]*2 ]

tbt: [memory] electrode: 36.375 kB
tbt: [memory] H, S and auxiliary matrices: 249.375 kB
tbt: [memory] sum of electrode and sparse: 285.750 kB

tbt: Initializing data file: ts_n_terminal_3.TBT.nc
tbt: Estimated file size of ts_n_terminal_3.TBT.nc: 3.599 MB

tbt: [memory] LHS inversion + padding: 201.250 kB
tbt: [memory] RHS inversion + padding: 201.250 kB
tbt: Initial ETA in                  5.0 s
tbt: Calculated    5.00 %, ETA in                  3.3 s
tbt: Calculated   10.00 %, ETA in                  3.2 s
tbt: Calculated   15.00 %, ETA in                  3.0 s
tbt: Calculated   20.04 %, ETA in                  2.8 s
tbt: Calculated   25.04 %, ETA in                  2.5 s
tbt: Calculated   30.08 %, ETA in                  2.2 s
tbt: Calculated   35.08 %, ETA in                  2.0 s
tbt: Calculated   40.12 %, ETA in                  1.8 s
tbt: Calculated   45.12 %, ETA in                  1.7 s
tbt: Calculated   50.12 %, ETA in                  1.6 s
tbt: Calculated   55.16 %, ETA in                  1.4 s
tbt: Calculated   60.16 %, ETA in                  1.3 s
tbt: Calculated   65.16 %, ETA in                  1.1 s
tbt: Calculated   70.16 %, ETA in                  1.0 s
tbt: Calculated   75.16 %, ETA in                  0.8 s
tbt: Calculated   80.20 %, ETA in                  0.7 s
tbt: Calculated   85.20 %, ETA in                  0.5 s
tbt: Calculated   90.20 %, ETA in                  0.3 s
tbt: Calculated   95.20 %, ETA in                  0.2 s
tbt: Completed in                3.419 s

Currents (ensure entire Fermi function window):
el-1 -> el-3, V [V] / I [A]:  0.00000     V /  0.00000     A
el-1 -> el-3, V [V] / P [W]:  0.00000     V /  0.00000     W
el-1 -> el-4, V [V] / I [A]:  0.00000     V /  0.00000     A
el-1 -> el-4, V [V] / P [W]:  0.00000     V /  0.00000     W
el-3 -> el-4, V [V] / I [A]:  0.00000     V /  0.00000     A
el-3 -> el-4, V [V] / P [W]:  0.00000     V /  0.00000     W


             Section          Calls    Walltime       %
 global_section                   1       3.475  100.00
  tbtrans                         1       3.475  100.00
   init-region+sp                 1       0.000    0.01
   pivot-elec                     1       0.000    0.01
    pivot                         3       0.000    0.01
   pivot-device                   1       0.000    0.01
    pivot                         1       0.000    0.01
   tri-init                       1       0.000    0.01
    tri-init-elec                 1       0.000    0.01
     TS-rgn2tri                   3       0.000    0.00
    TS-rgn2tri                    1       0.000    0.00
   TBT                            1       3.468   99.80
    read-GS                    2500       1.119   32.19
    SE-dwn                     2500       0.077    2.21
     ts_expand                 7500       0.003    0.07
    Gf-prep                    2500       1.021   29.38
     V_TM_Pinv                 2500       0.808   23.26
    analysis                   2500       1.199   34.50
    cdf2ascii                     1       0.030    0.86
>> End of run:  28-SEP-2023  15:40:55
